c:\users\administrator\source\repos\xtlua-tu-154\deploy\xtlua\64\win.xpl
c:\users\administrator\source\repos\xtlua-tu-154\xtlua\release\64\imgui_tables.obj
c:\users\administrator\source\repos\xtlua-tu-154\xtlua\release\64\imgwindow.obj
c:\users\administrator\source\repos\xtlua-tu-154\xtlua\release\64\lua_helpers.obj
c:\users\administrator\source\repos\xtlua-tu-154\xtlua\release\64\xlua_command_bindings.obj
c:\users\administrator\source\repos\xtlua-tu-154\xtlua\release\64\xplmmap_glue.obj
c:\users\administrator\source\repos\xtlua-tu-154\xtlua\release\64\serialwidget.obj
c:\users\administrator\source\repos\xtlua-tu-154\xtlua\release\64\xplmplanes_glue.obj
c:\users\administrator\source\repos\xtlua-tu-154\xtlua\release\64\shared_xpfuncs.obj
c:\users\administrator\source\repos\xtlua-tu-154\xtlua\release\64\xplmsound_glue.obj
c:\users\administrator\source\repos\xtlua-tu-154\xtlua\release\64\xlua.obj
c:\users\administrator\source\repos\xtlua-tu-154\xtlua\release\64\xlua_register_glue.obj
c:\users\administrator\source\repos\xtlua-tu-154\xtlua\release\64\xplmpanelgraphics_glue.obj
c:\users\administrator\source\repos\xtlua-tu-154\xtlua\release\64\xplminstance_glue.obj
c:\users\administrator\source\repos\xtlua-tu-154\xtlua\release\64\xlua2_host.obj
c:\users\administrator\source\repos\xtlua-tu-154\xtlua\release\64\imgui.obj
c:\users\administrator\source\repos\xtlua-tu-154\xtlua\release\64\module.obj
c:\users\administrator\source\repos\xtlua-tu-154\xtlua\release\64\xplmmenus_glue.obj
c:\users\administrator\source\repos\xtlua-tu-154\xtlua\release\64\imgui_demo.obj
c:\users\administrator\source\repos\xtlua-tu-154\xtlua\release\64\imgui_lua_bindings.obj
c:\users\administrator\source\repos\xtlua-tu-154\xtlua\release\64\xtlua2_imgui.obj
c:\users\administrator\source\repos\xtlua-tu-154\xtlua\release\64\imgui_starter_window.obj
c:\users\administrator\source\repos\xtlua-tu-154\xtlua\release\64\xplmgraphics_glue.obj
c:\users\administrator\source\repos\xtlua-tu-154\xtlua\release\64\imgui4xp.obj
c:\users\administrator\source\repos\xtlua-tu-154\xtlua\release\64\imgui_widgets.obj
c:\users\administrator\source\repos\xtlua-tu-154\xtlua\release\64\imgui_draw.obj
c:\users\administrator\source\repos\xtlua-tu-154\xtlua\release\64\xplmweather_glue.obj
c:\users\administrator\source\repos\xtlua-tu-154\xtlua\release\64\xplmdefs_glue.obj
c:\users\administrator\source\repos\xtlua-tu-154\xtlua\release\64\xpfuncs.obj
c:\users\administrator\source\repos\xtlua-tu-154\xtlua\release\64\xplmdataaccess_glue.obj
c:\users\administrator\source\repos\xtlua-tu-154\xtlua\release\64\xptimers.obj
c:\users\administrator\source\repos\xtlua-tu-154\xtlua\release\64\xplmutilities_glue.obj
c:\users\administrator\source\repos\xtlua-tu-154\xtlua\release\64\xplmdisplay_glue.obj
c:\users\administrator\source\repos\xtlua-tu-154\xtlua\release\64\xplmnavigation_glue.obj
c:\users\administrator\source\repos\xtlua-tu-154\xtlua\release\64\xpdatarefs.obj
c:\users\administrator\source\repos\xtlua-tu-154\xtlua\release\64\xpcommands.obj
c:\users\administrator\source\repos\xtlua-tu-154\xtlua\release\64\xluaplugin.obj
c:\users\administrator\source\repos\xtlua-tu-154\xtlua\release\64\xpmtdatarefs.obj
c:\users\administrator\source\repos\xtlua-tu-154\xtlua\release\64\xplmscenery_glue.obj
c:\users\administrator\source\repos\xtlua-tu-154\xtlua\release\64\imgfontatlas.obj
c:\users\administrator\source\repos\xtlua-tu-154\xtlua\release\64\xplmplugin_glue.obj
c:\users\administrator\source\repos\xtlua-tu-154\xtlua\release\64\xtlua_render_bridge.obj
c:\users\administrator\source\repos\xtlua-tu-154\xtlua\release\64\xplmprocessing_glue.obj
c:\users\administrator\source\repos\xtlua-tu-154\xtlua\release\64\xplmcamera_glue.obj
c:\users\administrator\source\repos\xtlua-tu-154\xtlua\release\64\xlua.lib
c:\users\administrator\source\repos\xtlua-tu-154\xtlua\release\64\xtlua.tlog\cl.items.tlog
c:\users\administrator\source\repos\xtlua-tu-154\xtlua\release\64\xtlua.tlog\clang-cl.command.1.tlog
c:\users\administrator\source\repos\xtlua-tu-154\xtlua\release\64\xtlua.tlog\lld-link.command.1.tlog
c:\users\administrator\source\repos\xtlua-tu-154\xtlua\release\64\xtlua.tlog\lld-link.read.1.tlog
c:\users\administrator\source\repos\xtlua-tu-154\xtlua\release\64\xtlua.tlog\lld-link.secondary.1.tlog
c:\users\administrator\source\repos\xtlua-tu-154\xtlua\release\64\xtlua.tlog\lld-link.write.1.tlog
c:\users\administrator\source\repos\xtlua-tu-154\xtlua\release\64\xtlua.tlog\microsoft.build.cpptasks.cl.read.1.tlog
c:\users\administrator\source\repos\xtlua-tu-154\xtlua\release\64\xtlua.tlog\microsoft.build.cpptasks.cl.write.1.tlog
